\BOOKMARK [1][]{section.1}{\376\377\116\000\060\001\000\040\225\356\230\230\221\315\217\360}{}% 1
\BOOKMARK [2][]{subsection.1.1}{\376\377\0001\000.\0001\000\040\225\356\230\230\200\314\146\157}{section.1}% 2
\BOOKMARK [2][]{subsection.1.2}{\376\377\0001\000.\0002\000\040\225\356\230\230\143\320\121\372}{section.1}% 3
\BOOKMARK [1][]{section.2}{\376\377\116\214\060\001\000\040\225\356\230\230\122\006\147\220}{}% 4
\BOOKMARK [1][]{section.3}{\376\377\116\011\060\001\000\040\152\041\127\213\166\204\120\107\213\276}{}% 5
\BOOKMARK [1][]{section.4}{\376\377\126\333\060\001\000\040\173\046\123\367\213\364\146\016}{}% 6
\BOOKMARK [1][]{section.5}{\376\377\116\224\060\001\000\040\152\041\127\213\136\372\172\313\116\016\154\102\211\343}{}% 7
\BOOKMARK [2][]{subsection.5.1}{\376\377\0005\000.\0001\000\040\225\356\230\230\116\000\152\041\127\213\136\372\172\313\116\016\154\102\211\343}{section.5}% 8
\BOOKMARK [3][]{subsubsection.5.1.1}{\376\377\0005\000.\0001\000.\0001\000\040\225\356\230\230\116\000\121\167\117\123\154\102\211\343\0001}{subsection.5.1}% 9
\BOOKMARK [3][]{subsubsection.5.1.2}{\376\377\0005\000.\0001\000.\0002\000\040\225\356\230\230\116\000\121\167\117\123\154\102\211\343\0002}{subsection.5.1}% 10
\BOOKMARK [3][]{subsubsection.5.1.3}{\376\377\0005\000.\0001\000.\0003\000\040\225\356\230\230\116\000\121\167\117\123\154\102\211\343\0003}{subsection.5.1}% 11
\BOOKMARK [2][]{subsection.5.2}{\376\377\0005\000.\0002\000\040\225\356\230\230\116\214\152\041\127\213\136\372\172\313\116\016\154\102\211\343}{section.5}% 12
\BOOKMARK [3][]{subsubsection.5.2.1}{\376\377\0005\000.\0002\000.\0001\000\040\225\356\230\230\116\214\121\167\117\123\154\102\211\343\121\205\133\271\0001}{subsection.5.2}% 13
\BOOKMARK [3][]{subsubsection.5.2.2}{\376\377\0005\000.\0002\000.\0002\000\040\225\356\230\230\116\214\121\167\117\123\154\102\211\343\121\205\133\271\0002}{subsection.5.2}% 14
\BOOKMARK [3][]{subsubsection.5.2.3}{\376\377\0005\000.\0002\000.\0003\000\040\225\356\230\230\116\214\121\167\117\123\154\102\211\343\121\205\133\271\0003}{subsection.5.2}% 15
\BOOKMARK [2][]{subsection.5.3}{\376\377\0005\000.\0003\000\040\225\356\230\230\116\011\152\041\127\213\136\372\172\313\116\016\154\102\211\343}{section.5}% 16
\BOOKMARK [3][]{subsubsection.5.3.1}{\376\377\0005\000.\0003\000.\0001\000\040\225\356\230\230\116\011\121\167\117\123\154\102\211\343\0001\134\017\150\007\230\230}{subsection.5.3}% 17
\BOOKMARK [3][]{subsubsection.5.3.2}{\376\377\0005\000.\0003\000.\0002\000\040\225\356\230\230\116\011\121\167\117\123\154\102\211\343\0002\134\017\150\007\230\230}{subsection.5.3}% 18
\BOOKMARK [3][]{subsubsection.5.3.3}{\376\377\0005\000.\0003\000.\0003\000\040\225\356\230\230\116\011\121\167\117\123\154\102\211\343\0003\134\017\150\007\230\230}{subsection.5.3}% 19
\BOOKMARK [1][]{section.6}{\376\377\121\155\060\001\000\040\152\041\127\213\166\204\117\030\177\072\160\271}{}% 20
\BOOKMARK [1][]{section.7}{\376\377\116\003\060\001\000\040\152\041\127\213\166\204\143\250\136\177}{}% 21
\BOOKMARK [1][]{section.8}{\376\377\121\153\060\001\000\040\123\302\200\003\145\207\163\056}{}% 22
\BOOKMARK [1][]{section*.2}{\376\377\123\302\200\003\145\207\163\056}{}% 23
\BOOKMARK [1][]{appendix.1.A}{\376\377\226\104\137\125\000\040\000A\000\040\226\104\000p\000y\000t\000h\000o\000n\116\343\170\001\117\213\133\120}{}% 24
\BOOKMARK [1][]{appendix.1.B}{\376\377\226\104\137\125\000\040\000B\000\040\226\104\000m\000a\000t\000l\000a\000b\116\343\170\001\117\213\133\120}{}% 25
