\BOOKMARK [1][]{section.5}{\376\377\116\224\060\001\000\040\225\356\230\230\116\000\166\204\152\041\127\213\136\372\172\313\116\016\154\102\211\343}{}% 1
\BOOKMARK [2][]{subsection.5.1}{\376\377\0005\000.\0001\000\040\154\102\211\343\166\356\150\007\116\016\152\041\127\213\220\011\142\351}{section.5}% 2
\BOOKMARK [2][]{subsection.5.2}{\376\377\0005\000.\0002\000\040\142\275\150\067\150\300\155\113\166\204\116\214\230\171\122\006\136\003\152\041\127\213}{section.5}% 3
\BOOKMARK [2][]{subsection.5.3}{\376\377\0005\000.\0003\000\040\117\341\136\246\166\204\151\202\163\207\124\053\116\111}{section.5}% 4
\BOOKMARK [2][]{subsection.5.4}{\376\377\0005\000.\0004\000\040\123\125\217\271\142\275\150\067\122\044\133\232\152\041\127\213}{section.5}% 5
\BOOKMARK [3][]{subsubsection.5.4.1}{\376\377\0005\000.\0004\000.\0001\000\040\0009\0005\000\045\000\040\117\341\136\246\116\013\166\204\142\322\145\066\152\041\127\213}{subsection.5.4}% 6
\BOOKMARK [3][]{subsubsection.5.4.2}{\376\377\0005\000.\0004\000.\0002\000\040\0009\0000\000\045\000\040\117\341\136\246\116\013\166\204\143\245\145\066\152\041\127\213}{subsection.5.4}% 7
\BOOKMARK [2][]{subsection.5.5}{\376\377\0005\000.\0005\000\040\150\300\155\113\145\160\221\317\170\156\133\232\166\204\137\305\211\201\140\047}{section.5}% 8
\BOOKMARK [2][]{subsection.5.6}{\376\377\0005\000.\0006\000\040\150\007\121\306\135\356\145\066\145\133\122\044\143\156}{section.5}% 9
\BOOKMARK [2][]{subsection.5.7}{\376\377\0005\000.\0007\000\040\152\041\127\213\154\102\211\343\145\271\154\325}{section.5}% 10
\BOOKMARK [2][]{subsection.5.8}{\376\377\0005\000.\0008\000\040\154\102\211\343\176\323\147\234}{section.5}% 11
\BOOKMARK [2][]{subsection.5.9}{\376\377\0005\000.\0009\000\040\176\323\147\234\122\006\147\220\116\016\152\041\127\213\150\300\232\214}{section.5}% 12
\BOOKMARK [3][]{subsubsection.5.9.1}{\376\377\0005\000.\0009\000.\0001\000\040\217\271\165\114\151\202\163\207\232\214\213\301}{subsection.5.9}% 13
\BOOKMARK [3][]{subsubsection.5.9.2}{\376\377\0005\000.\0009\000.\0002\000\040\144\315\117\134\162\171\140\047\122\006\147\220}{subsection.5.9}% 14
\BOOKMARK [3][]{subsubsection.5.9.3}{\376\377\0005\000.\0009\000.\0003\000\040\172\063\133\232\140\047\123\302\145\160\145\117\141\037\140\047\122\006\147\220}{subsection.5.9}% 15
\BOOKMARK [2][]{subsection.5.10}{\376\377\0005\000.\0001\0000\000\040\225\356\230\230\116\000\176\323\213\272}{section.5}% 16
\BOOKMARK [1][]{section.6}{\376\377\121\155\060\001\000\040\225\356\230\230\116\214\166\204\136\372\152\041\116\016\211\343\121\263}{}% 17
\BOOKMARK [2][]{subsection.6.1}{\376\377\0006\000.\0001\000\040\225\356\230\230\122\006\147\220}{section.6}% 18
\BOOKMARK [3][]{subsubsection.6.1.1}{\376\377\0006\000.\0001\000.\0001\000\040\121\263\173\126\116\113\225\364\166\204\200\046\124\010\121\163\174\373}{subsection.6.1}% 19
\BOOKMARK [3][]{subsubsection.6.1.2}{\376\377\0006\000.\0001\000.\0002\000\040\117\030\123\026\166\356\150\007}{subsection.6.1}% 20
\BOOKMARK [3][]{subsubsection.6.1.3}{\376\377\0006\000.\0001\000.\0003\000\040\152\041\127\213\140\035\215\357}{subsection.6.1}% 21
\BOOKMARK [2][]{subsection.6.2}{\376\377\0006\000.\0002\000\040\152\041\127\213\121\306\131\007}{section.6}% 22
\BOOKMARK [3][]{subsubsection.6.2.1}{\376\377\0006\000.\0002\000.\0001\000\040\152\041\127\213\120\107\213\276}{subsection.6.2}% 23
\BOOKMARK [3][]{subsubsection.6.2.2}{\376\377\0006\000.\0002\000.\0002\000\040\116\073\211\201\173\046\123\367}{subsection.6.2}% 24
\BOOKMARK [3][]{subsubsection.6.2.3}{\376\377\0006\000.\0002\000.\0003\000\040\173\126\165\145\177\026\170\001\116\016\123\357\210\114\127\337\123\213\177\051}{subsection.6.2}% 25
\BOOKMARK [2][]{subsection.6.3}{\376\377\0006\000.\0003\000\040\226\217\147\072\165\037\116\247\225\355\163\257\152\041\127\213\166\204\136\372\172\313}{section.6}% 26
\BOOKMARK [3][]{subsubsection.6.3.1}{\376\377\0006\000.\0003\000.\0001\000\040\226\366\221\115\116\366\147\145\156\220\116\016\150\300\155\113}{subsection.6.3}% 27
\BOOKMARK [3][]{subsubsection.6.3.2}{\376\377\0006\000.\0003\000.\0002\000\040\142\020\124\301\215\050\221\317\165\037\142\020}{subsection.6.3}% 28
\BOOKMARK [3][]{subsubsection.6.3.3}{\376\377\0006\000.\0003\000.\0003\000\040\142\020\124\301\150\300\155\113\116\016\136\002\127\072\123\315\231\210}{subsection.6.3}% 29
\BOOKMARK [3][]{subsubsection.6.3.4}{\376\377\0006\000.\0003\000.\0004\000\040\142\306\211\343\126\336\145\066\116\016\162\266\140\001\217\154\171\373}{subsection.6.3}% 30
\BOOKMARK [3][]{subsubsection.6.3.5}{\376\377\0006\000.\0003\000.\0005\000\040\124\150\147\037\142\020\147\054\116\016\145\066\166\312}{subsection.6.3}% 31
\BOOKMARK [2][]{subsection.6.4}{\376\377\0006\000.\0004\000\040\152\041\127\213\154\102\211\343}{section.6}% 32
\BOOKMARK [3][]{subsubsection.6.4.1}{\376\377\0006\000.\0004\000.\0001\000\040\204\231\162\171\123\141\155\033\145\066\166\312\213\304\116\367}{subsection.6.4}% 33
\BOOKMARK [3][]{subsubsection.6.4.2}{\376\377\0006\000.\0004\000.\0002\000\040\220\127\117\040\173\227\154\325\144\034\175\042}{subsection.6.4}% 34
\BOOKMARK [3][]{subsubsection.6.4.3}{\376\377\0006\000.\0004\000.\0003\000\040\121\150\173\126\165\145\131\015\150\070}{subsection.6.4}% 35
\BOOKMARK [2][]{subsection.6.5}{\376\377\0006\000.\0005\000\040\152\041\127\213\176\323\147\234\116\016\121\263\173\126\122\006\147\220}{section.6}% 36
\BOOKMARK [3][]{subsubsection.6.5.1}{\376\377\0006\000.\0005\000.\0001\000\040\147\000\117\030\173\126\165\145}{subsection.6.5}% 37
\BOOKMARK [3][]{subsubsection.6.5.2}{\376\377\0006\000.\0005\000.\0002\000\040\226\366\221\115\116\366\150\300\155\113\116\016\126\336\145\066\121\263\173\126}{subsection.6.5}% 38
\BOOKMARK [3][]{subsubsection.6.5.3}{\376\377\0006\000.\0005\000.\0003\000\040\142\020\124\301\150\300\155\113\116\016\142\306\211\343\121\263\173\126}{subsection.6.5}% 39
\BOOKMARK [3][]{subsubsection.6.5.4}{\376\377\0006\000.\0005\000.\0004\000\040\220\127\117\040\173\227\154\325\145\066\145\133\162\171\137\201}{subsection.6.5}% 40
\BOOKMARK [2][]{subsection.6.6}{\376\377\0006\000.\0006\000\040\152\041\127\213\150\300\232\214}{section.6}% 41
\BOOKMARK [3][]{subsubsection.6.6.1}{\376\377\0006\000.\0006\000.\0001\000\040\164\006\213\272\116\000\201\364\140\047\150\300\232\214}{subsection.6.6}% 42
\BOOKMARK [3][]{subsubsection.6.6.2}{\376\377\0006\000.\0006\000.\0002\000\040\144\034\175\042\172\063\133\232\140\047\150\300\232\214}{subsection.6.6}% 43
\BOOKMARK [3][]{subsubsection.6.6.3}{\376\377\0006\000.\0006\000.\0003\000\040\123\302\145\160\145\117\141\037\140\047\122\006\147\220}{subsection.6.6}% 44
\BOOKMARK [2][]{subsection.6.7}{\376\377\0006\000.\0007\000\040\147\054\225\356\176\323\213\272}{section.6}% 45
\BOOKMARK [1][]{section.7}{\376\377\116\003\060\001\000\040\225\356\230\230\116\011\166\204\136\372\152\041\116\016\211\343\121\263}{}% 46
\BOOKMARK [2][]{subsection.7.1}{\376\377\0007\000.\0001\000\040\225\356\230\230\122\006\147\220\116\016\152\041\127\213\142\151\134\125}{section.7}% 47
\BOOKMARK [3][]{subsubsection.7.1.1}{\376\377\0007\000.\0001\000.\0001\000\040\116\044\134\102\210\305\221\115\176\323\147\204}{subsection.7.1}% 48
\BOOKMARK [3][]{subsubsection.7.1.2}{\376\377\0007\000.\0001\000.\0002\000\040\116\016\225\356\230\230\116\214\166\204\176\347\142\177\121\163\174\373}{subsection.7.1}% 49
\BOOKMARK [3][]{subsubsection.7.1.3}{\376\377\0007\000.\0001\000.\0003\000\040\152\041\127\213\217\271\165\114}{subsection.7.1}% 50
\BOOKMARK [2][]{subsection.7.2}{\376\377\0007\000.\0002\000\040\121\263\173\126\123\330\221\317\116\016\173\126\165\145\177\026\170\001}{section.7}% 51
\BOOKMARK [3][]{subsubsection.7.2.1}{\376\377\0007\000.\0002\000.\0001\000\040\147\323\202\162\117\123\147\204\220\040}{subsection.7.2}% 52
\BOOKMARK [3][]{subsubsection.7.2.2}{\376\377\0007\000.\0002\000.\0002\000\040\145\340\145\110\177\026\170\001\117\356\131\015}{subsection.7.2}% 53
\BOOKMARK [2][]{subsection.7.3}{\376\377\0007\000.\0003\000\040\122\006\134\102\226\217\147\072\165\037\116\247\225\355\163\257\152\041\127\213}{section.7}% 54
\BOOKMARK [3][]{subsubsection.7.3.1}{\376\377\0007\000.\0003\000.\0001\000\040\126\336\145\066\136\223\133\130\162\266\140\001}{subsection.7.3}% 55
\BOOKMARK [3][]{subsubsection.7.3.2}{\376\377\0007\000.\0003\000.\0002\000\040\226\366\221\115\116\366\203\267\123\326}{subsection.7.3}% 56
\BOOKMARK [3][]{subsubsection.7.3.3}{\376\377\0007\000.\0003\000.\0003\000\040\123\112\142\020\124\301\215\050\221\317\116\016\131\004\177\156}{subsection.7.3}% 57
\BOOKMARK [3][]{subsubsection.7.3.4}{\376\377\0007\000.\0003\000.\0004\000\040\142\020\124\301\215\050\221\317\116\016\136\002\127\072\123\315\231\210}{subsection.7.3}% 58
\BOOKMARK [3][]{subsubsection.7.3.5}{\376\377\0007\000.\0003\000.\0005\000\040\116\044\176\247\142\306\211\343\126\336\145\066}{subsection.7.3}% 59
\BOOKMARK [3][]{subsubsection.7.3.6}{\376\377\0007\000.\0003\000.\0006\000\040\124\150\147\037\145\066\166\312\121\375\145\160}{subsection.7.3}% 60
\BOOKMARK [2][]{subsection.7.4}{\376\377\0007\000.\0004\000\040\204\231\162\171\123\141\155\033\213\304\116\367\116\016\220\127\117\040\173\227\154\325\154\102\211\343}{section.7}% 61
\BOOKMARK [3][]{subsubsection.7.4.1}{\376\377\0007\000.\0004\000.\0001\000\040\220\002\136\224\136\246\213\304\116\367}{subsection.7.4}% 62
\BOOKMARK [3][]{subsubsection.7.4.2}{\376\377\0007\000.\0004\000.\0002\000\040\220\127\117\040\173\227\154\325\213\276\177\156}{subsection.7.4}% 63
\BOOKMARK [3][]{subsubsection.7.4.3}{\376\377\0007\000.\0004\000.\0003\000\040\120\031\220\011\173\126\165\145\131\015\213\304}{subsection.7.4}% 64
\BOOKMARK [2][]{subsection.7.5}{\376\377\0007\000.\0005\000\040\176\323\147\234\116\016\121\263\173\126\122\006\147\220}{section.7}% 65
\BOOKMARK [3][]{subsubsection.7.5.1}{\376\377\0007\000.\0005\000.\0001\000\040\147\000\117\030\173\126\165\145\123\312\143\007\150\007}{subsection.7.5}% 66
\BOOKMARK [3][]{subsubsection.7.5.2}{\376\377\0007\000.\0005\000.\0002\000\040\122\006\134\102\215\050\221\317\143\247\122\066\147\072\164\006}{subsection.7.5}% 67
\BOOKMARK [3][]{subsubsection.7.5.3}{\376\377\0007\000.\0005\000.\0003\000\040\127\372\121\306\173\126\165\145\153\324\217\203}{subsection.7.5}% 68
\BOOKMARK [2][]{subsection.7.6}{\376\377\0007\000.\0006\000\040\152\041\127\213\150\300\232\214}{section.7}% 69
\BOOKMARK [3][]{subsubsection.7.6.1}{\376\377\0007\000.\0006\000.\0001\000\040\164\006\213\272\116\000\201\364\140\047\150\300\232\214}{subsection.7.6}% 70
\BOOKMARK [3][]{subsubsection.7.6.2}{\376\377\0007\000.\0006\000.\0002\000\040\144\034\175\042\172\063\133\232\140\047\116\016\145\066\145\133}{subsection.7.6}% 71
\BOOKMARK [2][]{subsection.7.7}{\376\377\0007\000.\0007\000\040\147\054\225\356\134\017\176\323}{section.7}% 72
\BOOKMARK [1][]{section.8}{\376\377\121\153\060\001\000\040\225\356\230\230\126\333\166\204\136\372\152\041\116\016\211\343\121\263}{}% 73
\BOOKMARK [2][]{subsection.8.1}{\376\377\0008\000.\0001\000\040\225\356\230\230\122\006\147\220}{section.8}% 74
\BOOKMARK [3][]{subsubsection.8.1.1}{\376\377\0008\000.\0001\000.\0001\000\040\230\230\166\356\211\201\154\102\116\016\145\160\133\146\147\054\215\050}{subsection.8.1}% 75
\BOOKMARK [3][]{subsubsection.8.1.2}{\376\377\0008\000.\0001\000.\0002\000\040\152\041\127\213\220\011\142\351\117\235\143\156}{subsection.8.1}% 76
\BOOKMARK [3][]{subsubsection.8.1.3}{\376\377\0008\000.\0001\000.\0003\000\040\136\372\152\041\215\357\176\277}{subsection.8.1}% 77
\BOOKMARK [3][]{subsubsection.8.1.4}{\376\377\0008\000.\0001\000.\0004\000\040\215\050\221\317\123\302\145\160\123\343\137\204\116\016\152\041\127\213\217\271\165\114}{subsection.8.1}% 78
\BOOKMARK [2][]{subsection.8.2}{\376\377\0008\000.\0002\000\040\142\275\150\067\145\160\143\156\221\315\147\204\116\016\200\124\124\010\177\156\117\341\123\072\225\364}{section.8}% 79
\BOOKMARK [3][]{subsubsection.8.2.1}{\376\377\0008\000.\0002\000.\0001\000\040\150\067\147\054\221\317\116\016\153\041\124\301\145\160}{subsection.8.2}% 80
\BOOKMARK [3][]{subsubsection.8.2.2}{\376\377\0008\000.\0002\000.\0002\000\040\174\276\170\156\116\214\230\171\177\156\117\341\123\072\225\364}{subsection.8.2}% 81
\BOOKMARK [3][]{subsubsection.8.2.3}{\376\377\0008\000.\0002\000.\0003\000\040\000B\000o\000n\000f\000e\000r\000r\000o\000n\000i\200\124\124\010\117\356\153\143}{subsection.8.2}% 82
\BOOKMARK [3][]{subsubsection.8.2.4}{\376\377\0008\000.\0002\000.\0004\000\040\142\275\150\067\142\020\147\054\123\343\137\204}{subsection.8.2}% 83
\BOOKMARK [2][]{subsection.8.3}{\376\377\0008\000.\0003\000\040\200\124\124\010\177\156\117\341\116\012\165\114\116\013\166\204\121\263\173\126\152\041\127\213}{section.8}% 84
\BOOKMARK [3][]{subsubsection.8.3.1}{\376\377\0008\000.\0003\000.\0001\000\040\153\041\124\301\163\207\166\204\200\124\124\010\123\326\120\074\203\003\126\364}{subsection.8.3}% 85
\BOOKMARK [3][]{subsubsection.8.3.2}{\376\377\0008\000.\0003\000.\0002\000\040\147\000\117\116\145\066\166\312\140\305\146\157\166\204\170\156\133\232}{subsection.8.3}% 86
\BOOKMARK [3][]{subsubsection.8.3.3}{\376\377\0008\000.\0003\000.\0003\000\040\116\044\174\173\173\126\165\145\166\204\145\066\166\312\135\356\230\235}{subsection.8.3}% 87
\BOOKMARK [2][]{subsection.8.4}{\376\377\0008\000.\0004\000\040\225\356\230\230\116\214\127\050\153\041\124\301\163\207\123\072\225\364\116\013\166\204\121\263\173\126\117\030\123\026}{section.8}% 88
\BOOKMARK [3][]{subsubsection.8.4.1}{\376\377\0008\000.\0004\000.\0001\000\040\154\102\211\343\145\271\154\325}{subsection.8.4}% 89
\BOOKMARK [3][]{subsubsection.8.4.2}{\376\377\0008\000.\0004\000.\0002\000\040\116\044\174\173\173\126\165\145\166\204\213\241\173\227\176\323\147\234}{subsection.8.4}% 90
\BOOKMARK [3][]{subsubsection.8.4.3}{\376\377\0008\000.\0004\000.\0003\000\040\121\263\173\126\123\330\123\026\122\006\147\220}{subsection.8.4}% 91
\BOOKMARK [2][]{subsection.8.5}{\376\377\0008\000.\0005\000\040\225\356\230\230\116\011\127\050\153\041\124\301\163\207\123\072\225\364\116\013\166\204\121\263\173\126\117\030\123\026}{section.8}% 92
\BOOKMARK [3][]{subsubsection.8.5.1}{\376\377\0008\000.\0005\000.\0001\000\040\123\302\145\160\140\305\146\157\116\016\220\127\117\040\173\227\154\325}{subsection.8.5}% 93
\BOOKMARK [3][]{subsubsection.8.5.2}{\376\377\0008\000.\0005\000.\0002\000\040\173\126\165\145\116\016\145\066\166\312\153\324\217\203}{subsection.8.5}% 94
\BOOKMARK [3][]{subsubsection.8.5.3}{\376\377\0008\000.\0005\000.\0003\000\040\142\020\124\301\150\300\155\113\121\263\173\126\166\204\217\154\143\142\147\072\164\006}{subsection.8.5}% 95
\BOOKMARK [2][]{subsection.8.6}{\376\377\0008\000.\0006\000\040\176\323\147\234\150\300\232\214}{section.8}% 96
\BOOKMARK [3][]{subsubsection.8.6.1}{\376\377\0008\000.\0006\000.\0001\000\040\140\305\146\157\217\271\165\114\150\300\232\214}{subsection.8.6}% 97
\BOOKMARK [3][]{subsubsection.8.6.2}{\376\377\0008\000.\0006\000.\0002\000\040\204\231\162\171\123\141\155\033\174\276\136\246\116\016\221\315\131\015\144\034\175\042\176\323\147\234}{subsection.8.6}% 98
\BOOKMARK [2][]{subsection.8.7}{\376\377\0008\000.\0007\000\040\147\054\225\356\134\017\176\323}{section.8}% 99
